------------------------------------------------------------
Timing Analyzer Summary
------------------------------------------------------------

Type  : Slow 1100mV 85C Model Setup 'clk'
Slack : -2.760
TNS   : -1046.411

Type  : Slow 1100mV 85C Model Hold 'clk'
Slack : 0.367
TNS   : 0.000

Type  : Slow 1100mV 85C Model Minimum Pulse Width 'clk'
Slack : -0.724
TNS   : -578.518

Type  : Slow 1100mV 0C Model Setup 'clk'
Slack : -2.931
TNS   : -1038.420

Type  : Slow 1100mV 0C Model Hold 'clk'
Slack : 0.350
TNS   : 0.000

Type  : Slow 1100mV 0C Model Minimum Pulse Width 'clk'
Slack : -0.724
TNS   : -580.265

Type  : Fast 1100mV 85C Model Setup 'clk'
Slack : -0.619
TNS   : -167.303

Type  : Fast 1100mV 85C Model Hold 'clk'
Slack : 0.166
TNS   : 0.000

Type  : Fast 1100mV 85C Model Minimum Pulse Width 'clk'
Slack : -0.092
TNS   : -44.214

Type  : Fast 1100mV 0C Model Setup 'clk'
Slack : -0.513
TNS   : -109.580

Type  : Fast 1100mV 0C Model Hold 'clk'
Slack : 0.150
TNS   : 0.000

Type  : Fast 1100mV 0C Model Minimum Pulse Width 'clk'
Slack : -0.089
TNS   : -43.987

------------------------------------------------------------
