------------------------------------------------------------
Timing Analyzer Summary
------------------------------------------------------------

Type  : Slow 1100mV 85C Model Setup 'clk'
Slack : -2.719
TNS   : -996.384

Type  : Slow 1100mV 85C Model Hold 'clk'
Slack : 0.315
TNS   : 0.000

Type  : Slow 1100mV 85C Model Minimum Pulse Width 'clk'
Slack : -0.724
TNS   : -575.198

Type  : Slow 1100mV 0C Model Setup 'clk'
Slack : -2.847
TNS   : -989.334

Type  : Slow 1100mV 0C Model Hold 'clk'
Slack : 0.301
TNS   : 0.000

Type  : Slow 1100mV 0C Model Minimum Pulse Width 'clk'
Slack : -0.724
TNS   : -574.075

Type  : Fast 1100mV 85C Model Setup 'clk'
Slack : -0.667
TNS   : -129.651

Type  : Fast 1100mV 85C Model Hold 'clk'
Slack : 0.148
TNS   : 0.000

Type  : Fast 1100mV 85C Model Minimum Pulse Width 'clk'
Slack : -0.091
TNS   : -44.899

Type  : Fast 1100mV 0C Model Setup 'clk'
Slack : -0.547
TNS   : -81.242

Type  : Fast 1100mV 0C Model Hold 'clk'
Slack : 0.135
TNS   : 0.000

Type  : Fast 1100mV 0C Model Minimum Pulse Width 'clk'
Slack : -0.089
TNS   : -44.403

------------------------------------------------------------
