------------------------------------------------------------
Timing Analyzer Summary
------------------------------------------------------------

Type  : Slow 1100mV 85C Model Setup 'clk'
Slack : 0.248
TNS   : 0.000

Type  : Slow 1100mV 85C Model Hold 'clk'
Slack : 0.232
TNS   : 0.000

Type  : Slow 1100mV 85C Model Minimum Pulse Width 'clk'
Slack : 1.388
TNS   : 0.000

Type  : Slow 1100mV 0C Model Setup 'clk'
Slack : 0.362
TNS   : 0.000

Type  : Slow 1100mV 0C Model Hold 'clk'
Slack : 0.221
TNS   : 0.000

Type  : Slow 1100mV 0C Model Minimum Pulse Width 'clk'
Slack : 1.307
TNS   : 0.000

Type  : Fast 1100mV 85C Model Setup 'clk'
Slack : 1.763
TNS   : 0.000

Type  : Fast 1100mV 85C Model Hold 'clk'
Slack : 0.139
TNS   : 0.000

Type  : Fast 1100mV 85C Model Minimum Pulse Width 'clk'
Slack : 1.415
TNS   : 0.000

Type  : Fast 1100mV 0C Model Setup 'clk'
Slack : 1.992
TNS   : 0.000

Type  : Fast 1100mV 0C Model Hold 'clk'
Slack : 0.127
TNS   : 0.000

Type  : Fast 1100mV 0C Model Minimum Pulse Width 'clk'
Slack : 1.417
TNS   : 0.000

------------------------------------------------------------
