------------------------------------------------------------
Timing Analyzer Summary
------------------------------------------------------------

Type  : Slow 1100mV 85C Model Setup 'clk'
Slack : -2.691
TNS   : -371.092

Type  : Slow 1100mV 85C Model Hold 'clk'
Slack : 0.320
TNS   : 0.000

Type  : Slow 1100mV 85C Model Minimum Pulse Width 'clk'
Slack : -0.724
TNS   : -297.147

Type  : Slow 1100mV 0C Model Setup 'clk'
Slack : -2.852
TNS   : -392.066

Type  : Slow 1100mV 0C Model Hold 'clk'
Slack : 0.304
TNS   : 0.000

Type  : Slow 1100mV 0C Model Minimum Pulse Width 'clk'
Slack : -0.724
TNS   : -296.855

Type  : Fast 1100mV 85C Model Setup 'clk'
Slack : -0.573
TNS   : -35.780

Type  : Fast 1100mV 85C Model Hold 'clk'
Slack : 0.143
TNS   : 0.000

Type  : Fast 1100mV 85C Model Minimum Pulse Width 'clk'
Slack : -0.092
TNS   : -23.390

Type  : Fast 1100mV 0C Model Setup 'clk'
Slack : -0.470
TNS   : -24.451

Type  : Fast 1100mV 0C Model Hold 'clk'
Slack : 0.130
TNS   : 0.000

Type  : Fast 1100mV 0C Model Minimum Pulse Width 'clk'
Slack : -0.089
TNS   : -22.940

------------------------------------------------------------
